--- Setting up Test Data ---
DB Connected.
Tables: items, system_logs, sqlite_sequence, events, daily_logs, side_memos, stocks, projects, user_configs, daily_volumes, users, tenants, memberships, api_tokens, assignees, project_categories, life_logs, doors, deliverables
Inserting Item 2 Params: ["item_compA_1","Company A Focus Task","focus","user_tdd_001","tenant_tdd_A","user_tdd_001",1769486825,1769486825]
Item 2 Inserted.
--- Executing ItemController::handleRequest(GET, scope=dashboard) ---
php : PHP Warning:  Cannot modify header information - headers
 already sent by (output started at C:\Users\doorf\OneDrive\繝峨
く繝･繝｡繝ｳ繝・繝励Ο繧ｸ繧ｧ繧ｯ繝・TateguDesignStudio\backend\tests\feature_d
ashboard_scope.php:16) in C:\Users\doorf\OneDrive\繝峨く繝･繝｡繝ｳ繝・繝
励Ο繧ｸ繧ｧ繧ｯ繝・TateguDesignStudio\backend\BaseController.php on lin
e 72
発生場所 行:1 文字:28
+ ... os.sqlite ; php backend/tests/feature_dashboard_scope.ph
p > test_outp ...
+                 ~~~~~~~~~~~~~~~~~~~~~~~~~~~~~~~~~~~~~~~~~~~~
~~~~~~~~~~~~~
    + CategoryInfo          : NotSpecified: (PHP Warning:  C. 
   ...php on line 72:String) [], RemoteException
    + FullyQualifiedErrorId : NativeCommandError
 
[{"id":"item_personal_1","tenant_id":"","title":"Personal Focus Task","status":"focus","created_by":"user_tdd_001","memo":null,"interrupt":false,"status_updated_at":null,"created_at":1769486825,"updated_at":1769486825,"sort_order":0,"is_boosted":false,"boosted_date":null,"rdd_date":null,"work_days":1,"parent_id":null,"is_project":0,"project_category":null,"estimated_minutes":0,"assigned_to":null,"delegation":null,"project_id":null,"project_type":null,"due_date":null,"prep_date":null,"parent_title":null,"parentId":null,"isProject":false,"projectCategory":null,"estimatedMinutes":0,"assignedTo":null,"projectTitle":null,"projectType":null,"client":null},{"id":"item_compA_1","tenant_id":"tenant_tdd_A","title":"Company A Focus Task","status":"focus","created_by":"user_tdd_001","memo":null,"interrupt":false,"status_updated_at":null,"created_at":1769486825,"updated_at":1769486825,"sort_order":0,"is_boosted":false,"boosted_date":null,"rdd_date":null,"work_days":1,"parent_id":null,"is_project":0,"project_category":null,"estimated_minutes":0,"assigned_to":"user_tdd_001","delegation":null,"project_id":null,"project_type":null,"due_date":null,"prep_date":null,"parent_title":null,"parentId":null,"isProject":false,"projectCategory":null,"estimatedMinutes":0,"assignedTo":"user_tdd_001","projectTitle":null,"projectType":null,"client":null},{"id":"item_personal_inbox","tenant_id":"","title":"Personal Inbox Task","status":"inbox","created_by":"user_tdd_001","memo":null,"interrupt":false,"status_updated_at":null,"created_at":1769486825,"updated_at":1769486825,"sort_order":0,"is_boosted":false,"boosted_date":null,"rdd_date":null,"work_days":1,"parent_id":null,"is_project":0,"project_category":null,"estimated_minutes":0,"assigned_to":null,"delegation":null,"project_id":null,"project_type":null,"due_date":null,"prep_date":null,"parent_title":null,"parentId":null,"isProject":false,"projectCategory":null,"estimatedMinutes":0,"assignedTo":null,"projectTitle":null,"projectType":null,"client":null}]
